// Jest Snapshot v1, https://goo.gl/fbAQLP

exports[`MovieDetailsContainer should match snapshot 1`] = `<article />`;
