// Jest Snapshot v1, https://goo.gl/fbAQLP

exports[`Footer should match the snapshot 1`] = `
<section
  className="Footer"
>
  <div
    className="footer-wrapper"
  >
    <a
      href="https://www.themoviedb.org/"
    >
      <img
        alt="Logo"
        className="footer-credit"
        src="https://www.themoviedb.org/assets/2/v4/logos/408x161-powered-by-rectangle-green-bb4301c10ddc749b4e79463811a68afebeae66ef43d17bcfd8ff0e60ded7ce99.png"
      />
    </a>
  </div>
</section>
`;
