// Jest Snapshot v1, https://goo.gl/fbAQLP

exports[`Nav should match snapshot 1`] = `
<nav
  className="Nav"
>
  <div
    className="nav-left"
  >
    <Link
      className="main-heading"
      onClick={[Function]}
      to="/"
    >
      <h1>
        MOVIE TRACKER
      </h1>
    </Link>
    <div
      className="main-nav-wrapper"
    >
      <NavLink
        className="nav-link explore-link"
        exact={true}
        onClick={[Function]}
        to="/"
      >
        EXPLORE
      </NavLink>
      <NavLink
        className="nav-link favorite-link"
        exact={true}
        onClick={[Function]}
        to="/favorites"
      >
        FAVORITES
      </NavLink>
      <NavLink
        className="nav-link watchlist-link"
        exact={true}
        onClick={[Function]}
        to="/watchlist"
      >
        WATCHLIST
      </NavLink>
    </div>
  </div>
  <div
    className="greeting-wrapper"
  >
    <p
      className="user-greeting"
    >
      HI, 
      JACOB
      !
    </p>
    <Link
      className="logout-link"
      onClick={[Function]}
      to="/"
    >
      Logout
    </Link>
  </div>
</nav>
`;
