// Jest Snapshot v1, https://goo.gl/fbAQLP

exports[`SignUpForm should match the snapshot 1`] = `
<div
  className="SignUpForm"
>
  <h2>
    Sign up for an account
  </h2>
  <p>
    Sign up is free and easy! Fill out the form below to get started.
  </p>
  <form
    className="signup-form-inputs"
    onSubmit={[Function]}
  >
    <label
      htmlFor="signup-email-input"
    >
      Email
    </label>
    <input
      id="signup-email-input"
      name="email"
      onChange={[Function]}
      type="text"
      value=""
    />
    <label
      htmlFor="signup-name-input"
    >
      Name
    </label>
    <input
      id="signup-name-input"
      name="name"
      onChange={[Function]}
      type="text"
      value=""
    />
    <label
      htmlFor="signup-password-input"
    >
      Password
    </label>
    <input
      id="signup-password-input"
      name="password"
      onChange={[Function]}
      type="password"
      value=""
    />
    <label
      htmlFor="password-confirm-input"
    >
      Confirm Password
    </label>
    <input
      id="password-confirm-input"
      name="passwordConfirm"
      onChange={[Function]}
      type="password"
      value=""
    />
    <div
      className="signup-btn-wrapper"
    >
      <button
        className="signup-btn btn"
        type="submit"
      >
        Sign Up
      </button>
      <Link
        className="cancel-link"
        to="/"
      >
        Cancel
      </Link>
    </div>
  </form>
  <article
    className="signup-blurb"
  >
    <h3>
      Why Sign Up?
    </h3>
    <div
      className="signup-sub-blurb"
    >
      <p>
        As a member you can:
      </p>
      <ul>
        <li>
          Log movies you have watched
        </li>
        <li>
          Keep track of favorite movies
        </li>
        <li>
          Build and maintain an watchlist
        </li>
      </ul>
    </div>
  </article>
</div>
`;
